// 同步 ID: c5c88408 @ Sat Sep  5 11:43:51 UTC 2026
// 同步 ID: 3f6c95ac @ Sat Sep  5 17:32:33 UTC 2026
// 重构日志: 4867ce1c
// 重构日志: 01dd4354
// 重构日志: 9bea427d
// 同步 ID: 232bca5d @ Sun Sep  6 17:34:55 UTC 2026
// 重构日志: c392eadd
// 重构日志: 46ccfa34
// 重构日志: fbb259f8
// 同步 ID: ea9563a1 @ Sun Sep 13 13:09:36 UTC 2026
// 同步 ID: 8ce0120b @ Mon Sep 14 07:40:59 UTC 2026
// 重构日志: 5ac6d0a5
// 重构日志: 344e3052
// 重构日志: 9484e832
// 重构日志: 582441e1
// 重构日志: 727eece5
// 重构日志: a9c86718
// 重构日志: adb52c25
// 同步 ID: eff6ab5c @ Fri Sep 18 07:30:56 UTC 2026
// 同步 ID: 944bef0d @ Fri Sep 18 15:39:10 UTC 2026
// 重构日志: f0150675
// 重构日志: 4b18f933
// 同步 ID: a730fa15 @ Sun Sep 20 01:46:13 UTC 2026
// 重构日志: 45a49c05
// 重构日志: dff15ff0
// 重构日志: 0fbf43b0
// 重构日志: 6df2b344
// 重构日志: bbb28f4d
// 同步 ID: 0fc78764 @ Sat Sep 26 12:40:12 UTC 2026
// 同步 ID: 2d86e9a2 @ Sat Sep 26 16:00:35 UTC 2026
// 重构日志: 7002d9f8
